[t2v-spot25] request 1920×1088×121f bf16 · tier=max128 · DiT lane: STREAMED · encoder: ltx-2.5-mlx · mode: t2v · gate: auto
[t2v-spot25] granules /Volumes/Satechi/Models/ltx-granules-25/bf16
[t2v-spot25] prewarm 9.4s (12 files, transformer excluded by streamedBlocks)
[BlockStreamer] bound 48 blocks · group=2 · slots 2×1475 MiB (2.88 GiB resident) · sweep 34.56 GiB · block-resident 18450 KiB (12 tensors/block)
[BlockStreamer] streaming set 0 from bf16
⚠️  LTX_ENVELOPE_OVERRIDE=1 — resolution clamp LIFTED (profile allows 704x512, running 1920x1088). MEASUREMENT ONLY; not an acceptance number.
[BlockStreamer] bound 48 blocks · group=2 · slots 2×1475 MiB (2.88 GiB resident) · sweep 34.56 GiB · block-resident 18450 KiB (12 tensors/block)
[BlockStreamer] streaming set 0 from bf16
[BlockStreamer] gate: N=4089 · S=5.15 GiB/s vs C(N)=6.32 GiB/s → N_min≈5020 → FALL BACK (resident)
[BlockStreamer] fell back resident: 34.58 GiB in 8.8s (3.91 GiB/s)
⚠️  LTX_ENVELOPE_OVERRIDE=1 — resolution clamp LIFTED (profile allows 704x512, running 1920x1088). MEASUREMENT ONLY; not an acceptance number.
[t2v-spot25] phys-after-load=5.93 GB · post-run retain=2.96 GB (both reported for comparison; the DECLARE line below uses neither)
[BlockStreamer] bound 48 blocks · group=2 · slots 2×1475 MiB (2.88 GiB resident) · sweep 34.56 GiB · block-resident 18450 KiB (12 tensors/block)
[BlockStreamer] streaming set 0 from bf16
[BlockStreamer] gate: N=32766 · S=5.04 GiB/s vs C(N)=0.16 GiB/s → N_min≈1044 → STREAM (hidden)
[t2v-spot25] run 1059.7s  mp4 8.9 MB
[t2v-spot25] SPLIT lane=STREAMED mode=t2v quant=bf16 enc=bf16 · resident(held)=1.04 GB act=32.80 GB peak=33.84 GB · [afterLoad=5.93 retain=2.96 — neither is declarable under eviction]
[t2v-spot25] DECLARE → residentBytes=1.04 GB peakActivationBytes=32.80 GB
[t2v-spot25] ACCEPTANCE tier=max128 budget=89.60 GB · measured stage-max 33.84 GB → ✅ WITHIN
[t2v-spot25] ⚠️ one geometry, one run — a tier DECLARATION needs the profile's own clamped geometry and a repeat, not this single point
