[speed-bench] quant=bf16  shape=704×512×9f  path=one-stage
[speed-bench] prewarm 2.2s (8 files)
[MLXPROF] DiT.load done (lazy) · phys=0.10 GB
[MLXPROF] DiT kernel warmup: 1.3s · phys=40.58 GB · pool=2.34 GB
[speed-bench] load 1.4s
[MLXPROF] ===== t2v(one-stage) 704x512 9f fps=24 | fLat=2 nv=704 audioT=9 | steps=8 =====
[MLXPROF] workingSet(recommended)=115.4 GB  cacheLimit=130.6 GB  (phys past workingSet ⇒ paging)
[MLXPROF] encode/gemma   3253.9ms  act=45.6 cache=2.5 phys=48.3/115 GB  gemma-3-12b 4-bit
[MLXPROF] encode/connector    670.7ms  act=42.0 cache=10.1 phys=52.5/115 GB  
[MLXPROF] denoise/step0   1625.9ms  act=38.0 cache=3.4 phys=41.8/115 GB  vN=704 aN=9 σ=1.000
[MLXPROF] denoise/step1   1758.0ms  act=38.0 cache=3.4 phys=41.8/115 GB  vN=704 aN=9 σ=0.994
[MLXPROF] denoise/step2   1685.1ms  act=38.0 cache=3.4 phys=41.8/115 GB  vN=704 aN=9 σ=0.988
[MLXPROF] denoise/step3   1688.9ms  act=38.0 cache=3.4 phys=41.8/115 GB  vN=704 aN=9 σ=0.981
[MLXPROF] denoise/step4   1709.4ms  act=38.0 cache=3.4 phys=41.8/115 GB  vN=704 aN=9 σ=0.975
[MLXPROF] denoise/step5   1693.9ms  act=38.0 cache=3.4 phys=41.8/115 GB  vN=704 aN=9 σ=0.909
[MLXPROF] denoise/step6   1712.5ms  act=38.0 cache=3.4 phys=41.8/115 GB  vN=704 aN=9 σ=0.725
[MLXPROF] denoise/step7   1713.5ms  act=38.0 cache=3.4 phys=41.8/115 GB  vN=704 aN=9 σ=0.422
[MLXPROF] vae-decode/up0     37.0ms  act=38.5 cache=0.0 phys=38.9/115 GB  in=[1, 2, 16, 22, 1024]
[MLXPROF] vae-decode/up1     59.2ms  act=38.9 cache=0.0 phys=39.3/115 GB  in=[1, 2, 16, 22, 1024]
[MLXPROF] vae-decode/up2     36.2ms  act=39.1 cache=0.0 phys=39.7/115 GB  in=[1, 3, 32, 44, 512]
[MLXPROF] vae-decode/up3     75.3ms  act=39.3 cache=0.0 phys=39.8/115 GB  in=[1, 3, 32, 44, 512]
[MLXPROF] vae-decode/up4    433.9ms  act=39.6 cache=0.0 phys=40.1/115 GB  in=[1, 5, 64, 88, 512]
[MLXPROF] vae-decode/up5     63.2ms  act=39.7 cache=0.0 phys=40.1/115 GB  in=[1, 5, 64, 88, 512]
[MLXPROF] vae-decode/up6    284.2ms  act=39.8 cache=0.0 phys=41.4/115 GB  in=[1, 9, 64, 88, 256]
[MLXPROF] vae-decode/up7     52.9ms  act=39.7 cache=0.0 phys=40.4/115 GB  in=[1, 9, 64, 88, 256]
[MLXPROF] vae-decode/up8    195.0ms  act=39.8 cache=0.0 phys=42.0/115 GB  in=[1, 9, 128, 176, 128]
[MLXPROF] vae-decode/out+unpatchify     24.8ms  act=39.7 cache=0.0 phys=40.3/115 GB  
[MLXPROF] vae-decode/video   1474.1ms  act=40.3 cache=0.5 phys=41.2/115 GB  9f
[MLXPROF] ---------- summary (ms per group) ----------
[MLXPROF]   encode    3924.6ms  (  2 region(s), 19.4%)  worstPhys=52.5 GB
[MLXPROF]   denoise   13587.2ms  (  8 region(s), 67.1%)  worstPhys=41.8 GB
[MLXPROF]   vae-decode    2735.9ms  ( 11 region(s), 13.5%)  worstPhys=42.0 GB
[MLXPROF]   TOTAL   20247.6ms  (20.2s total)
[speed-bench] run1 (kernel compile + generate) 19.1s
[MLXPROF] ===== t2v(one-stage) 704x512 9f fps=24 | fLat=2 nv=704 audioT=9 | steps=8 =====
[MLXPROF] workingSet(recommended)=115.4 GB  cacheLimit=130.6 GB  (phys past workingSet ⇒ paging)
[MLXPROF] encode/gemma   3671.0ms  act=45.6 cache=0.2 phys=46.0/115 GB  gemma-3-12b 4-bit
[MLXPROF] encode/connector    602.6ms  act=42.0 cache=10.1 phys=52.5/115 GB  
[MLXPROF] denoise/step0   1336.8ms  act=38.0 cache=3.4 phys=41.8/115 GB  vN=704 aN=9 σ=1.000
[MLXPROF] denoise/step1   2137.9ms  act=38.0 cache=3.4 phys=41.8/115 GB  vN=704 aN=9 σ=0.994
[MLXPROF] denoise/step2   1863.7ms  act=38.0 cache=3.4 phys=41.8/115 GB  vN=704 aN=9 σ=0.988
[MLXPROF] denoise/step3   1819.8ms  act=38.0 cache=3.4 phys=41.8/115 GB  vN=704 aN=9 σ=0.981
[MLXPROF] denoise/step4   1848.6ms  act=38.0 cache=3.4 phys=41.8/115 GB  vN=704 aN=9 σ=0.975
[MLXPROF] denoise/step5   1842.5ms  act=38.0 cache=3.4 phys=41.8/115 GB  vN=704 aN=9 σ=0.909
[MLXPROF] denoise/step6   1893.2ms  act=38.0 cache=3.4 phys=41.8/115 GB  vN=704 aN=9 σ=0.725
[MLXPROF] denoise/step7   1895.1ms  act=38.0 cache=3.4 phys=41.8/115 GB  vN=704 aN=9 σ=0.422
[MLXPROF] vae-decode/up0     42.5ms  act=38.5 cache=0.0 phys=38.9/115 GB  in=[1, 2, 16, 22, 1024]
[MLXPROF] vae-decode/up1     69.8ms  act=38.9 cache=0.0 phys=39.6/115 GB  in=[1, 2, 16, 22, 1024]
[MLXPROF] vae-decode/up2     39.9ms  act=39.1 cache=0.0 phys=39.6/115 GB  in=[1, 3, 32, 44, 512]
[MLXPROF] vae-decode/up3     83.3ms  act=39.3 cache=0.0 phys=39.8/115 GB  in=[1, 3, 32, 44, 512]
[MLXPROF] vae-decode/up4    453.2ms  act=39.7 cache=0.0 phys=41.1/115 GB  in=[1, 5, 64, 88, 512]
[MLXPROF] vae-decode/up5     77.2ms  act=39.7 cache=0.0 phys=40.1/115 GB  in=[1, 5, 64, 88, 512]
[MLXPROF] vae-decode/up6    296.7ms  act=39.8 cache=0.0 phys=40.8/115 GB  in=[1, 9, 64, 88, 256]
[MLXPROF] vae-decode/up7     58.2ms  act=39.7 cache=0.0 phys=40.4/115 GB  in=[1, 9, 64, 88, 256]
[MLXPROF] vae-decode/up8    199.6ms  act=39.7 cache=0.0 phys=42.0/115 GB  in=[1, 9, 128, 176, 128]
[MLXPROF] vae-decode/out+unpatchify     26.9ms  act=39.8 cache=0.0 phys=40.3/115 GB  
[MLXPROF] vae-decode/video   1589.2ms  act=40.3 cache=0.5 phys=41.2/115 GB  9f
[MLXPROF] ---------- summary (ms per group) ----------
[MLXPROF]   encode    4273.6ms  (  2 region(s), 19.6%)  worstPhys=52.5 GB
[MLXPROF]   denoise   14637.5ms  (  8 region(s), 67.0%)  worstPhys=41.8 GB
[MLXPROF]   vae-decode    2936.4ms  ( 11 region(s), 13.4%)  worstPhys=42.0 GB
[MLXPROF]   TOTAL   21847.5ms  (21.8s total)
[speed-bench] run2 (measured) 20.6s → 55.0 s per output-second (0.38s clip)
[speed-bench] peak phys_footprint 52.49 GB
[speed-bench] SUMMARY quant=bf16 shape=704x512x9 run2_s=20.6 spos=55.02
exit=0
