^D[bench-e2e] arms=f-single,f-multishot blocks=2 runs=2/block cooldown=30s
[bench-e2e] geometry=704x512x121f fps=24 two-stage seed=42 prompt="a cat playing piano"
[bench-e2e] host=Mac17,7 137GB | Version 27.0 (Build 26A5406e) | 628d92e+dirty
[bench-e2e] arm 'f-single' → model=ltx25 quant=bf16 decoder=stock dfr=0 tree=ltx-2.5-mlx dit=in-tree request=121f@24 → delivers 121f@24
[bench-e2e] arm 'f-multishot' → model=ltx25 quant=bf16 decoder=stock dfr=0 tree=ltx-2.5-mlx dit=in-tree request=121f@24 → delivers 121f@24

[bench-e2e] ═══ block 0 · arm f-single (quant=bf16 decoder=stock) ═══
[bench-e2e] prewarm 8.0s · load 1.6s
[bench-e2e] f-single · warmup (excluded): 60.5s · peak 64.40 GB · thermal nominal→nominal
[bench-e2e] f-single · run 1: 68.8s · peak 63.30 GB · thermal nominal→fair
[bench-e2e] f-single · run 2: 66.7s · peak 63.90 GB · thermal fair→fair · cos(first)=1.000000
[bench-e2e] block floor after drop+clearCache: 3.04 GB
[bench-e2e] cooldown 30s…

[bench-e2e] ═══ block 0 · arm f-multishot (quant=bf16 decoder=stock) ═══
[bench-e2e] prewarm 6.1s · load 1.3s
[bench-e2e] f-multishot · warmup (excluded): 73.1s · peak 65.14 GB · thermal fair→fair
[bench-e2e] f-multishot · run 1: 80.1s · peak 64.10 GB · thermal fair→fair
[bench-e2e] f-multishot · run 2: 92.9s · peak 64.58 GB · thermal fair→fair · cos(first)=1.000000
[bench-e2e] block floor after drop+clearCache: 5.31 GB
[bench-e2e] cooldown 30s…

[bench-e2e] ═══ block 1 · arm f-multishot (quant=bf16 decoder=stock) ═══
[bench-e2e] prewarm 6.0s · load 1.4s
[bench-e2e] f-multishot · warmup (excluded): 89.0s · peak 65.60 GB · thermal fair→fair
[bench-e2e] f-multishot · run 1: 93.0s · peak 64.59 GB · thermal fair→fair · cos(first)=1.000000
[bench-e2e] f-multishot · run 2: 102.9s · peak 65.61 GB · thermal fair→fair · cos(first)=1.000000
[bench-e2e] block floor after drop+clearCache: 3.70 GB
[bench-e2e] cooldown 30s…

[bench-e2e] ═══ block 1 · arm f-single (quant=bf16 decoder=stock) ═══
[bench-e2e] prewarm 6.1s · load 1.4s
[bench-e2e] f-single · warmup (excluded): 94.6s · peak 65.72 GB · thermal fair→fair
[bench-e2e] f-single · run 1: 98.5s · peak 64.60 GB · thermal fair→fair · cos(first)=1.000000
[bench-e2e] f-single · run 2: 100.4s · peak 65.62 GB · thermal fair→fair · cos(first)=1.000000
[bench-e2e] block floor after drop+clearCache: 3.75 GB
[bench-e2e] cooldown 30s…

[bench-e2e] ───────── summary ─────────
[bench-e2e] f-single  median 83.7s  (66.7–100.4)  peak 64.25 GB
[bench-e2e] f-multishot  median 92.9s  (80.1–102.9)  peak 64.58 GB
[bench-e2e] f-multishot vs f-single: Δmed +9.3s — NOISE (sign flips between block sets)
[bench-e2e] output f-multishot vs f-single: cos=0.877864 maxAbs=2.23167 (divergent-by-design)
[bench-e2e] receipts: probes/bench_e2e_armF-c1-multishot-cost_20260815-141705.md + .json
