[t2v-spot25] request 1280×704×241f bf16 · tier=max128 · DiT lane: STREAMED · encoder: ltx-2.5-mlx · mode: t2v · gate: auto
[t2v-spot25] granules /Volumes/Satechi/Models/ltx-granules-25/bf16
[t2v-spot25] prewarm 8.0s (11 files, transformer excluded by streamedBlocks)
[BlockStreamer] bound 48 blocks · group=2 · slots 2×1475 MiB (2.88 GiB resident) · sweep 34.56 GiB · block-resident 18450 KiB (12 tensors/block)
[BlockStreamer] streaming set 0 from bf16
⚠️  LTX_ENVELOPE_OVERRIDE=1 — resolution clamp LIFTED (profile allows 704x512, running 1280x704). MEASUREMENT ONLY; not an acceptance number.
[BlockStreamer] bound 48 blocks · group=2 · slots 2×1475 MiB (2.88 GiB resident) · sweep 34.56 GiB · block-resident 18450 KiB (12 tensors/block)
[BlockStreamer] streaming set 0 from bf16
[BlockStreamer] gate: N=1769 · S=5.16 GiB/s vs C(N)=18.07 GiB/s → N_min≈6191 → FALL BACK (resident)
[BlockStreamer] fell back resident: 34.58 GiB in 8.9s (3.90 GiB/s)
⚠️  LTX_ENVELOPE_OVERRIDE=1 — resolution clamp LIFTED (profile allows 704x512, running 1280x704). MEASUREMENT ONLY; not an acceptance number.
[t2v-spot25] phys-after-load=5.90 GB · post-run retain=2.56 GB (both reported for comparison; the DECLARE line below uses neither)
[BlockStreamer] bound 48 blocks · group=2 · slots 2×1475 MiB (2.88 GiB resident) · sweep 34.56 GiB · block-resident 18450 KiB (12 tensors/block)
[BlockStreamer] streaming set 0 from bf16
[BlockStreamer] gate: N=27531 · S=5.12 GiB/s vs C(N)=0.17 GiB/s → N_min≈933 → STREAM (hidden)
[t2v-spot25] run 829.1s  mp4 7.9 MB
[t2v-spot25] SPLIT lane=STREAMED mode=t2v quant=bf16 enc=bf16 · resident(held)=0.78 GB act=44.16 GB peak=44.94 GB · [afterLoad=5.90 retain=2.56 — neither is declarable under eviction]
[t2v-spot25] DECLARE → residentBytes=0.78 GB peakActivationBytes=44.16 GB
[t2v-spot25] ACCEPTANCE tier=max128 budget=89.60 GB · measured stage-max 44.94 GB → ✅ WITHIN
[t2v-spot25] ⚠️ one geometry, one run — a tier DECLARATION needs the profile's own clamped geometry and a repeat, not this single point
